# github.com/ronniegeraghty/hyoka/hyoka/internal/criteria [github.com/ronniegeraghty/hyoka/hyoka/internal/criteria.test]
hyoka/internal/criteria/buckets_config_aware_when_test.go:19:11: cannot use map[string]string{…} (value of type map[string]string) as WhenClause value in struct literal
hyoka/internal/criteria/buckets_config_aware_when_test.go:24:11: cannot use map[string]string{…} (value of type map[string]string) as WhenClause value in struct literal
hyoka/internal/criteria/buckets_config_aware_when_test.go:72:46: cannot use tc.props (variable of type map[string]string) as MatchContext value in argument to MatchingUnifiedEntries
hyoka/internal/criteria/buckets_test.go:34:9: cannot use map[string]string{…} (value of type map[string]string) as WhenClause value in struct literal
hyoka/internal/criteria/buckets_test.go:40:10: cannot use map[string]string{…} (value of type map[string]string) as WhenClause value in struct literal
hyoka/internal/criteria/buckets_test.go:43:62: cannot use map[string]string{…} (value of type map[string]string) as WhenClause value in struct literal
hyoka/internal/criteria/buckets_test.go:61:46: cannot use tc.props (variable of type map[string]string) as MatchContext value in argument to MatchingUnifiedEntries
hyoka/internal/criteria/bundle_test.go:64:12: cannot index gc.When (variable of struct type WhenClause)
hyoka/internal/criteria/bundle_test.go:65:65: cannot index gc.When (variable of struct type WhenClause)
hyoka/internal/criteria/config_test.go:359:34: cannot use map[string]string{…} (value of type map[string]string) as MatchContext value in argument to bundle.MatchingErrors
hyoka/internal/criteria/config_test.go:359:34: too many errors
ok  	github.com/ronniegeraghty/hyoka/hyoka/internal/eval	40.775s
FAIL	github.com/ronniegeraghty/hyoka/hyoka/internal/criteria [build failed]
ok  	github.com/ronniegeraghty/hyoka/hyoka/internal/criteria/graders	(cached)
FAIL
